# serializer version: 1
# name: test_openapi_spec_no_semantic_responses
  '''
  {
    "info": {
      "title": "Django Modern Rest",
      "version": "0.1.0"
    },
    "openapi": "3.1.0",
    "paths": {
      "/api/items": {
        "get": {
          "operationId": "getTestOpenapiSpecNoSemanticResponsesLocalsSimplecontrollerApiItems",
          "responses": {
            "200": {
              "description": "OK",
              "content": {
                "application/json": {
                  "schema": {
                    "items": {
                      "type": "integer"
                    },
                    "type": "array"
                  }
                }
              }
            }
          },
          "deprecated": false
        }
      }
    },
    "components": {
      "schemas": {},
      "securitySchemes": {}
    }
  }
  '''
# ---
