# serializer version: 1
# name: test_msgpack_schema
  '''
  {
    "info": {
      "title": "Django Modern Rest",
      "version": "0.1.0"
    },
    "openapi": "3.1.0",
    "paths": {
      "/api/msgpack": {
        "post": {
          "operationId": "postMsgpackcontrollerApiMsgpack",
          "requestBody": {
            "content": {
              "application/msgpack": {
                "schema": {
                  "$ref": "#/components/schemas/_RequestModel"
                }
              }
            },
            "required": true
          },
          "responses": {
            "201": {
              "description": "Created",
              "content": {
                "application/msgpack": {
                  "schema": {
                    "$ref": "#/components/schemas/_ResponseModel"
                  }
                }
              }
            },
            "400": {
              "description": "Raised when request components cannot be parsed",
              "content": {
                "application/msgpack": {
                  "schema": {
                    "$ref": "#/components/schemas/ErrorModel"
                  }
                }
              }
            },
            "422": {
              "description": "Raised when returned response does not match the response schema",
              "content": {
                "application/msgpack": {
                  "schema": {
                    "$ref": "#/components/schemas/ErrorModel"
                  }
                }
              }
            },
            "406": {
              "description": "Raised when provided `Accept` header cannot be satisfied",
              "content": {
                "application/msgpack": {
                  "schema": {
                    "$ref": "#/components/schemas/ErrorModel"
                  }
                }
              }
            }
          },
          "deprecated": false
        }
      }
    },
    "components": {
      "schemas": {
        "ErrorDetail": {
          "properties": {
            "loc": {
              "items": {
                "anyOf": [
                  {
                    "type": "integer"
                  },
                  {
                    "type": "string"
                  }
                ]
              },
              "type": "array"
            },
            "msg": {
              "type": "string"
            },
            "type": {
              "type": "string"
            }
          },
          "type": "object",
          "required": [
            "msg"
          ],
          "title": "ErrorDetail",
          "description": "Base schema for error details description."
        },
        "ErrorModel": {
          "properties": {
            "detail": {
              "items": {
                "$ref": "#/components/schemas/ErrorDetail"
              },
              "type": "array"
            }
          },
          "type": "object",
          "required": [
            "detail"
          ],
          "title": "ErrorModel",
          "description": "Default error response schema.\n\nCan be customized.\nSee :ref:`customizing-error-messages` for more details."
        },
        "_RequestModel": {
          "properties": {
            "username": {
              "type": "string"
            },
            "email": {
              "type": "string"
            },
            "friend_id": {
              "type": "integer"
            }
          },
          "type": "object",
          "required": [
            "username",
            "email",
            "friend_id"
          ],
          "title": "_RequestModel"
        },
        "_ResponseModel": {
          "properties": {
            "uid": {
              "type": "string",
              "format": "uuid"
            },
            "metadata": {
              "additionalProperties": {
                "type": "string"
              },
              "type": "object"
            },
            "friends": {
              "items": {
                "type": "integer"
              },
              "type": "array"
            }
          },
          "type": "object",
          "required": [
            "uid",
            "metadata",
            "friends"
          ],
          "title": "_ResponseModel"
        }
      },
      "securitySchemes": {}
    }
  }
  '''
# ---
