# serializer version: 1
# name: test_throttled_schema
  '''
  {
    "info": {
      "title": "Django Modern Rest",
      "version": "0.1.0"
    },
    "openapi": "3.1.0",
    "paths": {
      "/api/v1/default": {
        "get": {
          "operationId": "getDefaultcontrollerApiV1Default",
          "responses": {
            "200": {
              "description": "OK",
              "content": {
                "application/json": {
                  "schema": {
                    "type": "string"
                  }
                }
              }
            },
            "422": {
              "description": "Raised when returned response does not match the response schema",
              "content": {
                "application/json": {
                  "schema": {
                    "$ref": "#/components/schemas/ErrorModel"
                  }
                }
              }
            },
            "406": {
              "description": "Raised when provided `Accept` header cannot be satisfied",
              "content": {
                "application/json": {
                  "schema": {
                    "$ref": "#/components/schemas/ErrorModel"
                  }
                }
              }
            },
            "429": {
              "description": "Raised when throttling rate was hit",
              "headers": {
                "X-RateLimit-Limit": {
                  "schema": {
                    "type": "string"
                  },
                  "description": "The maximum number of requests permitted in the current time window",
                  "required": true
                },
                "X-RateLimit-Remaining": {
                  "schema": {
                    "type": "string"
                  },
                  "description": "The number of requests remaining in the current time window",
                  "required": true
                },
                "X-RateLimit-Reset": {
                  "schema": {
                    "type": "string"
                  },
                  "description": "The number of seconds until the current rate limit window resets",
                  "required": true
                },
                "Retry-After": {
                  "schema": {
                    "type": "string"
                  },
                  "description": "Indicates how long the user agent should wait before making a follow-up request",
                  "required": true
                }
              },
              "content": {
                "application/json": {
                  "schema": {
                    "$ref": "#/components/schemas/ErrorModel"
                  }
                }
              }
            }
          },
          "deprecated": false
        }
      },
      "/api/v1/all": {
        "get": {
          "operationId": "getAllheaderscontrollerApiV1All",
          "responses": {
            "200": {
              "description": "OK",
              "content": {
                "application/json": {
                  "schema": {
                    "type": "string"
                  }
                }
              }
            },
            "422": {
              "description": "Raised when returned response does not match the response schema",
              "content": {
                "application/json": {
                  "schema": {
                    "$ref": "#/components/schemas/ErrorModel"
                  }
                }
              }
            },
            "406": {
              "description": "Raised when provided `Accept` header cannot be satisfied",
              "content": {
                "application/json": {
                  "schema": {
                    "$ref": "#/components/schemas/ErrorModel"
                  }
                }
              }
            },
            "429": {
              "description": "Raised when throttling rate was hit",
              "headers": {
                "X-RateLimit-Limit": {
                  "schema": {
                    "type": "string"
                  },
                  "description": "The maximum number of requests permitted in the current time window",
                  "required": true
                },
                "X-RateLimit-Remaining": {
                  "schema": {
                    "type": "string"
                  },
                  "description": "The number of requests remaining in the current time window",
                  "required": true
                },
                "X-RateLimit-Reset": {
                  "schema": {
                    "type": "string"
                  },
                  "description": "The number of seconds until the current rate limit window resets",
                  "required": true
                },
                "RateLimit-Policy": {
                  "schema": {
                    "type": "string"
                  },
                  "description": "Description of all rate limiting policies for this endpoint",
                  "required": true
                },
                "RateLimit": {
                  "schema": {
                    "type": "string"
                  },
                  "description": "Current rate limiting state",
                  "required": true
                },
                "Retry-After": {
                  "schema": {
                    "type": "string"
                  },
                  "description": "Indicates how long the user agent should wait before making a follow-up request",
                  "required": true
                }
              },
              "content": {
                "application/json": {
                  "schema": {
                    "$ref": "#/components/schemas/ErrorModel"
                  }
                }
              }
            }
          },
          "deprecated": false
        }
      },
      "/api/v1/no": {
        "get": {
          "operationId": "getNoheaderscontrollerApiV1No",
          "responses": {
            "200": {
              "description": "OK",
              "content": {
                "application/json": {
                  "schema": {
                    "type": "string"
                  }
                }
              }
            },
            "422": {
              "description": "Raised when returned response does not match the response schema",
              "content": {
                "application/json": {
                  "schema": {
                    "$ref": "#/components/schemas/ErrorModel"
                  }
                }
              }
            },
            "406": {
              "description": "Raised when provided `Accept` header cannot be satisfied",
              "content": {
                "application/json": {
                  "schema": {
                    "$ref": "#/components/schemas/ErrorModel"
                  }
                }
              }
            },
            "429": {
              "description": "Raised when throttling rate was hit",
              "content": {
                "application/json": {
                  "schema": {
                    "$ref": "#/components/schemas/ErrorModel"
                  }
                }
              }
            }
          },
          "deprecated": false
        }
      }
    },
    "components": {
      "schemas": {
        "ErrorDetail": {
          "properties": {
            "msg": {
              "type": "string",
              "title": "Msg"
            },
            "type": {
              "type": "string",
              "title": "Type"
            },
            "loc": {
              "items": {
                "anyOf": [
                  {
                    "type": "integer"
                  },
                  {
                    "type": "string"
                  }
                ]
              },
              "type": "array",
              "title": "Loc"
            }
          },
          "type": "object",
          "required": [
            "msg"
          ],
          "title": "ErrorDetail",
          "description": "Base schema for error details description."
        },
        "ErrorModel": {
          "properties": {
            "detail": {
              "items": {
                "$ref": "#/components/schemas/ErrorDetail"
              },
              "type": "array",
              "title": "Detail"
            }
          },
          "type": "object",
          "required": [
            "detail"
          ],
          "title": "ErrorModel",
          "description": "Default error response schema.\n\nCan be customized.\nSee :ref:`customizing-error-messages` for more details."
        }
      },
      "securitySchemes": {}
    }
  }
  '''
# ---
